// Jest Snapshot v1, https://goo.gl/fbAQLP

exports[`activity creates an activity 1`] = `Object {}`;

exports[`activity creates an activity 2`] = `"data:image/jpeg;base64,/9j/2wBDAAoHBwgHBgoICAgLCgoLDhgQDg0NDh0VFhEYIx8lJCIfIiEmKzcvJik0KSEiMEExNDk7Pj4+JS5ESUM8SDc9Pjv/2wBDAQoLCw4NDhwQEBw7KCIoOzs7Ozs7Ozs7Ozs7Ozs7Ozs7Ozs7Ozs7Ozs7Ozs7Ozs7Ozs7Ozs7Ozs7Ozs7Ozs7Ozv/wAARCAAoADwDASIAAhEBAxEB/8QAGwAAAgMBAQEAAAAAAAAAAAAABAUAAgMGAQf/xAAxEAACAQMCBAQFAgcAAAAAAAABAgMABBEFIRITMUEGImGBFEJRcbEyoRVikaLB0fD/xAAZAQEBAQADAAAAAAAAAAAAAAADBAIAAQX/xAAiEQACAgEEAgMBAAAAAAAAAAABAgARAwQSEyExURRBYcH/2gAMAwEAAhEDEQA/AC5fET3Mhh0y1edxtkLxY+/Ye5qieHdY1HmXk7RRyAYwCC3oOI+VfYGukt7QsBDawgKvyooVV/wKXXuu6fp2oT6XqFtJMsTqJOHDKW64x9BkffFcydCybm8YLGlEHsdIt7GVnaJzcKApklHmyOuM9KOLH6UuXxNp93fyxFpY24zlpFwOvf6UwKl8hMbDLMRsBWt6Ktzrhys+2u4fbS6fFBIW4pJkHGSdhgdeH7Uolu5ZZll5aJHK2FQZyP8AdLLz4m+uytpO0VumS7j5wNj7dv604srX+IWLIGYXEfy46EffrmonyNe5Z6WLTJRV+/5K80qxVgQR1H0qwnGKwbzpiVuW8QAzj9Xp7UOHLDIPpVGHMMg/ZFqdMcJseJpe+NNR0iSe0022ilmaQKHlQvjbBOARsN65XW7mW9uCbm6h+Ou34n4fKo26itpmllkuHuLiWOVG87Rw5zkdcdtqEtba2WcPbRuZHGHurw4UZ6DcfijLXLMeNVqpSe3jtbbnTSKjlshhJnbGMH/vzXfw24tvD8CQlkThC8Wc7HYn87186n06xsJGu7qeK5mkyVCZKtv1A6Y2I2p74U1nWp+G2VYZYWDlBOvRR2z75onWxHV6Md3Gl/FX4W1CCF2QFo2xwKvVQOm+1EajcvZTKbRg1wqniQDPF/KMd6pLqmpuY7UJDbhpBGzjB4cgnIPqRjf61no2nS2uq3V1Ncc0KNpCSBjG4H70VEdxQbsCCNrsOoQhX06456khozCQQe5z3oq1teZAJAWAffHcff1rTTAI3u7iXIgQnztsCQSCB+1GaWoFnxFSA7FlB7DtTYAN8k1l8fn7nL2/Il8UNbyxkxTQcKb43XfO3ToadTeHLG7jCyCcjIO8zMNumxyKlSmxgFZJnZg/RlLvwzFcoAHjLKMBpIhn+3Fe2fh+O1n+Ie5d5lTgjKjhWMeg7+9SpW9oh82T3N5bXnMVuLUTAjHEsvCCOu4NaNZajcW/JieG0iB/QAWJHqalSi4li/Kye5qmjSSMvxlxzUXcQonBGPami221SpWlAHiC7s5tjP/Z"`;
