// Jest Snapshot v1, https://goo.gl/fbAQLP

exports[`user change user photo 1`] = `
Object {
  "__typename": "Photo",
  "preview": "data:image/png;base64,iVBORw0KGgoAAAANSUhEUgAAACgAAAAoCAYAAACM/rhtAAAAAXNSR0IArs4c6QAAAmRJREFUWAntmN1Kw0AQhU/8Fwv1F0FEKCgV9UbvvKkPIFJ8AB/C1/BZfAdF9EpBFEUEBQUp0l6opRVEi/Y4LIlx006aWHuRgTHpZHbmy9lssuh81g0dbF0dzPaNlgBGnaFEwUTBqAqY8e/vwM4OUCiYiO7Ytmfw+Bi4vRXXoUlW2wD396VhqRQGD2gL4N0dcH/fwYBGPSIWiwKq/atSsFbTlvudV60CJyduPOwU97hD7WcfH8D2NpBOA0tLwOIikM0CfX32fH/06AjgCjb29ga8vEg9E2t0bArYU8/gfod3vrcnztjcnMASeGoquMXBwe9rrMUb1lhTQBYZGwMeH91yVPXqSnx3FxgZEVgqPD8PDA5K7uWl3Jg7Us4IODvrj9p/twToL/X0BBweind3A5mMgJ6e+jPld5iFogIcH7c3skW5oG5uxG3XGQuzUFSrOAxgEJQ3Hjsgn8E4LcwU/4uCr68A348aUwHGrSDBtCqqAFMpYGBAc7/6HO1zqAJk27hVjB0waCVPTAC5HDA6qlePmdopVr0HWTBIwa0t+TYz5+EBODsTN9srxm2mVVANaFNwYcGFI8T0tPj6OvD8LKDn58D19c8NA3P/HNBxgM1NtrLb8DCwtibOHQy/y1T34gKoVIByWaB7e+3jTVStoH+KV1aAmRlTpvGxvx9gPp07I34KqWAzOFZVA3qnuKu+9vP5xlBBV6k8t2p0jalfM3wPDg1JydVVYHJSUz56jhqQragip2VjI3pjbQX1FLMgd8/Ly7JB1TaImuck/8CMKGGoZzBir5aGJ4AtyeYZlCjoEaOl0y+Le57bWRVobwAAAABJRU5ErkJggg==",
}
`;

exports[`user change user photo 2`] = `
Object {
  "photoPreview": "data:image/png;base64,iVBORw0KGgoAAAANSUhEUgAAACgAAAAoCAYAAACM/rhtAAAAAXNSR0IArs4c6QAAAmRJREFUWAntmN1Kw0AQhU/8Fwv1F0FEKCgV9UbvvKkPIFJ8AB/C1/BZfAdF9EpBFEUEBQUp0l6opRVEi/Y4LIlx006aWHuRgTHpZHbmy9lssuh81g0dbF0dzPaNlgBGnaFEwUTBqAqY8e/vwM4OUCiYiO7Ytmfw+Bi4vRXXoUlW2wD396VhqRQGD2gL4N0dcH/fwYBGPSIWiwKq/atSsFbTlvudV60CJyduPOwU97hD7WcfH8D2NpBOA0tLwOIikM0CfX32fH/06AjgCjb29ga8vEg9E2t0bArYU8/gfod3vrcnztjcnMASeGoquMXBwe9rrMUb1lhTQBYZGwMeH91yVPXqSnx3FxgZEVgqPD8PDA5K7uWl3Jg7Us4IODvrj9p/twToL/X0BBweind3A5mMgJ6e+jPld5iFogIcH7c3skW5oG5uxG3XGQuzUFSrOAxgEJQ3Hjsgn8E4LcwU/4uCr68A348aUwHGrSDBtCqqAFMpYGBAc7/6HO1zqAJk27hVjB0waCVPTAC5HDA6qlePmdopVr0HWTBIwa0t+TYz5+EBODsTN9srxm2mVVANaFNwYcGFI8T0tPj6OvD8LKDn58D19c8NA3P/HNBxgM1NtrLb8DCwtibOHQy/y1T34gKoVIByWaB7e+3jTVStoH+KV1aAmRlTpvGxvx9gPp07I34KqWAzOFZVA3qnuKu+9vP5xlBBV6k8t2p0jalfM3wPDg1JydVVYHJSUz56jhqQragip2VjI3pjbQX1FLMgd8/Ly7JB1TaImuck/8CMKGGoZzBir5aGJ4AtyeYZlCjoEaOl0y+Le57bWRVobwAAAABJRU5ErkJggg==",
}
`;
