// Jest Snapshot v1, https://goo.gl/fbAQLP

exports[`user returns the current user 1`] = `
Object {
  "nowUser": Object {
    "__typename": "User",
    "bio": "I am a test user.",
    "createdAt": "2018-02-26T19:44:34.778Z",
    "firstName": "Jane",
    "id": "88cd90f0-3e96-11e8-8c8e-99193c2f37fb",
    "lastName": "Tester",
    "location": "New York, NY",
    "meetupId": "88cd90f0-3e96-11e8-8c8e-99193c2f37fb",
    "updatedAt": "2018-02-26T19:44:34.778Z",
    Symbol(id): "User:88cd90f0-3e96-11e8-8c8e-99193c2f37fb",
  },
  Symbol(id): "ROOT_QUERY",
}
`;
